  [material] cdmaterials = 'models\Charple\', SMD names = ['Charple1_sheet']
  [material] MISS: 'Charple1_sheet' → no .vmat found (expected: materials/models/charple/charple1_sheet)
  [material] cdmaterials = 'models\Charple\', SMD names = ['Charple4_sheet']
  [material] cdmaterials = 'models\czombies\', SMD names = ['act_krovosos_new1']
  [poseparam] 'move_yaw': range=[-180.0, 180.0], wrap=-1.0
  [material] cdmaterials = 'models\czombies\', SMD names = ['Fast05']
  [poseparam] 'move_yaw': range=[-180.0, 180.0], wrap=-1.0
  [material] cdmaterials = 'models\czombies\', SMD names = ['act_gasmask']
  [poseparam] 'move_yaw': range=[-180.0, 180.0], wrap=-1.0
  [material] cdmaterials = 'models\zombie_fast\', SMD names = ['corpse1']
  [poseparam] 'move_yaw': range=[-180.0, 180.0], wrap=-1.0
  [poseparam] 'lean_lateral': range=[-1.0, 1.0], wrap=-1.0
  [poseparam] 'lean_vertical': range=[-1.0, 1.0], wrap=-1.0
  [material] cdmaterials = 'models\zombie_fast\', SMD names = ['allinonebacup2', 'fast_zombie_sheet']
  [material] MISS: 'allinonebacup2' → no .vmat found (expected: materials/models/zombie_fast/allinonebacup2)
  [material] MISS: 'fast_zombie_sheet' → no .vmat found (expected: materials/models/zombie_fast/fast_zombie_sheet)
  [sequence] 'walk_all': 1DBlend with 9 waypoints, param='move_yaw', range=[-180.0, 180.0]
  [sequence] 'vehicle_lean_all': 1DBlend with 3 waypoints, param='lean_lateral', range=[-1.0, 1.0]
  [sequence] 'vehicle_lean_vertical': 1DBlend with 3 waypoints, param='lean_vertical', range=[-1.0, 1.0]
  [poseparam] 'move_yaw': range=[-180.0, 180.0], wrap=-1.0
  [material] cdmaterials = 'models\zombie_gal\2\', SMD names = ['eyeball_l', 'grigori_head', 'monk_sheet']
  [poseparam] 'move_yaw': range=[-180.0, 180.0], wrap=-1.0
  [material] cdmaterials = 'models\zombie_gal\2\', SMD names = ['grigori_head', 'inqui_mini_sheet', 'skull', 'skull2']
  [material] cdmaterials = 'models\zombie_poison\', SMD names = ['PoisonZombie_sheet']
  [poseparam] 'move_yaw': range=[-180.0, 180.0], wrap=-1.0
  [poseparam] 'aim_pitch': range=[-90.0, 90.0], wrap=-1.0
  [poseparam] 'aim_yaw': range=[-90.0, 90.0], wrap=-1.0
  [material] cdmaterials = 'models\zombie panic\', SMD names = []
  [sequence] 'Aim_9_directions_melee': 1DBlend with 12 waypoints, param='aim_pitch', range=[-90.0, 45.0]
  [poseparam] 'aim_yaw': range=[-11.96397, 9.376584], wrap=-1.0
  [poseparam] 'aim_pitch': range=[-11.68225, 11.53274], wrap=-1.0
  [poseparam] 'move_yaw': range=[-180.0, 180.0], wrap=-1.0
  [material] cdmaterials = 'models\cpthazama\zombiepanic\', SMD names = ['fleshandbone', 'zombie1_body_dif', 'zombie1_eye', 'zombie1_head_dif', 'zombie1_legs_dif', 'zombie1_teeth', 'zp_sv1_pants']
  [poseparam] 'aim_yaw': range=[-11.96397, 9.376609], wrap=-1.0
  [poseparam] 'aim_pitch': range=[-11.68225, 11.53274], wrap=-1.0
  [poseparam] 'move_yaw': range=[-180.0, 180.0], wrap=-1.0
  [material] cdmaterials = 'models\cpthazama\zombiepanic\', SMD names = ['fleshandbone', 'zombie2_eye', 'zombie2_hairflat', 'zombie2_head', 'zombie2_jacket', 'zombie2_pants', 'zombie2_shirt', 'zombie2_teeth', 'zp_sv1_shoe']
  [poseparam] 'aim_yaw': range=[-11.96398, 9.376571], wrap=-1.0
  [poseparam] 'aim_pitch': range=[-11.68224, 11.53273], wrap=-1.0
  [poseparam] 'move_yaw': range=[-180.0, 180.0], wrap=-1.0
  [material] cdmaterials = 'models\cpthazama\zombiepanic\', SMD names = ['acc_dif', 'cloth_dif', 'fleshandbone', 'head_blin', 'skin_dif2']
  [poseparam] 'aim_yaw': range=[-11.96396, 9.376612], wrap=-1.0
  [poseparam] 'aim_pitch': range=[-11.68225, 11.53272], wrap=-1.0
  [poseparam] 'move_yaw': range=[-180.0, 180.0], wrap=-1.0
  [material] cdmaterials = 'models\cpthazama\zombiepanic\', SMD names = ['diffuse', 'fleshandbone', 'hair']
  [poseparam] 'aim_yaw': range=[-11.96399, 9.37657], wrap=-1.0
  [poseparam] 'aim_pitch': range=[-11.68226, 11.53273], wrap=-1.0
  [poseparam] 'move_yaw': range=[-180.0, 180.0], wrap=-1.0
  [material] cdmaterials = 'models\cpthazama\zombiepanic\', SMD names = ['Cap_Body_Color', 'Cap_Body_Color2', 'Cap_Cloth_ColorMap', 'fleshandbone']
  [poseparam] 'aim_yaw': range=[-11.96398, 9.376571], wrap=-1.0
  [poseparam] 'aim_pitch': range=[-11.68224, 11.53273], wrap=-1.0
  [poseparam] 'move_yaw': range=[-180.0, 180.0], wrap=-1.0
  [material] cdmaterials = 'models\cpthazama\zombiepanic\', SMD names = ['001_punkerzombie_head_color', '005_punkerzombie_body_color', '009_punkerzombie_pants_color', 'fleshandbone']
  [poseparam] 'aim_yaw': range=[-11.96398, 9.376558], wrap=-1.0
  [poseparam] 'aim_pitch': range=[-11.68227, 11.53269], wrap=-1.0
  [poseparam] 'move_yaw': range=[-180.0, 180.0], wrap=-1.0
  [material] cdmaterials = 'models\cpthazama\zombiepanic\', SMD names = ['fleshandbone', 'vanessa_zombie_diff', 'vanessa_zombie_hair', 'zombie_hair']
  [material] cdmaterials = 'models\CZombies\', SMD names = ['Custom_CSheet3_facemap', 'Zombie_Classic_sheet', 'custom_eye2', 'mouth']
  [material] cdmaterials = 'models\CZombies\', SMD names = ['Custom_CSheet3', 'custom_eye2', 'mouth', 'scarf']
  [material] cdmaterials = 'models\czombies\', SMD names = ['Custom_CSheet3', 'eric_facemap4', 'mouth', 'red']
  [material] cdmaterials = 'models\CZombies\', SMD names = ['citizen_sheet10', 'custom_eye3', 'mouth', 'van_facemap']
  [material] cdmaterials = 'models\CZombies\', SMD names = ['citizen_sheet20', 'custom_eye1', 'mouth', 'ted_facemap30']
  [material] cdmaterials = 'models\CZombies\', SMD names = ['citizen_sheet20', 'custom_eye2', 'joe_facemap10', 'mouth']
  [material] cdmaterials = 'models\CZombies\', SMD names = ['citizen_sheet32', 'custom_eye1', 'eric_facemap10', 'mouth']
  [material] cdmaterials = 'models\CZombies\', SMD names = ['citizen_sheet40', 'custom_eye2', 'joe_facemap43', 'mouth']
  [material] cdmaterials = 'models\czombies\', SMD names = ['citizen_sheet9', 'custom_eye1', 'erdim_cylmap32', 'mouth']
  [material] cdmaterials = 'models\CZombies\', SMD names = ['Custom_CSheet5_facemap', 'citizen_sheet10', 'custom_eye1', 'mouth']
  [material] cdmaterials = 'models\CZombies\', SMD names = ['art_facemap10', 'citizen_sheet40', 'mouth', 'red']
  [material] cdmaterials = 'models\CZombies\', SMD names = ['Custom_CSheet2', 'citizen_sheet40', 'custom_eye2', 'joe_facemap43', 'mouth']
  [poseparam] 'move_yaw': range=[-180.0, 180.0], wrap=-1.0
  [material] cdmaterials = 'models\zombie_classic\', SMD names = ['Zombie_Classic_sheet', 'headcrabsheet']
  [material] MISS: 'headcrabsheet' → no .vmat found (expected: materials/models/zombie_classic/headcrabsheet)
  [sequence] 'walk': 1DBlend with 9 waypoints, param='move_yaw', range=[-180.0, 180.0]
  [sequence] 'walk2': 1DBlend with 9 waypoints, param='move_yaw', range=[-180.0, 180.0]
  [sequence] 'walk3': 1DBlend with 9 waypoints, param='move_yaw', range=[-180.0, 180.0]
  [material] cdmaterials = 'models\stalker\', SMD names = ['S_armfrontdull', 'S_backdull', 'S_chest2dull', 'S_head(cyl)dull', 'S_loindropper', 'S_lowerlegfrontdull', 'S_midsectiondull', 'S_wires', 'cutter']
  [material] cdmaterials = 'models\zombie_classic\', SMD names = ['combinesoldiersheet_zombie', 'headcrabsheet']
  [material] MISS: 'headcrabsheet' → no .vmat found (expected: materials/models/zombie_classic/headcrabsheet)
  [poseparam] 'move_yaw': range=[-180.0, 180.0], wrap=-1.0
  [material] cdmaterials = 'models\zombie_soldier\', SMD names = []
  [sequence] 'walk_All': 1DBlend with 9 waypoints, param='move_yaw', range=[-180.0, 180.0]
  [sequence] 'walk_All_Grenade': 1DBlend with 9 waypoints, param='move_yaw', range=[-180.0, 180.0]
  [sequence] 'Run_All': 1DBlend with 9 waypoints, param='move_yaw', range=[-180.0, 180.0]
  [sequence] 'Run_All_grenade': 1DBlend with 9 waypoints, param='move_yaw', range=[-180.0, 180.0]